adobe-release-x86_64
adobe-source-sans-pro-fonts
akmod-nvidia
albert
anaconda
anaconda-install-env-deps
anaconda-live
awscli
azure-cli
binutils-gold
broadcom-wl
chkconfig
clang6.0-libs
cntlm
code
compat-libvpx5
compat-readline5
containerd.io
dconf-editor
dhex
dnf-utils
docker-compose
dotnet-sdk-2.2
dotnet-sdk-3.1
dotnet-sdk-5.0
doxygen
doxygen-doxywizard
dracut-live
draw.io
elfutils-debuginfod-client
elixir
entr
f29-backgrounds-base
f29-backgrounds-gnome
f31-backgrounds-base
f31-backgrounds-gnome
fdk-aac
fedora-repos-rawhide
fedora-workstation-repositories
ffmpeg
firebird
firebird-utils
flash-plugin
flashrom
flatpak-selinux
flatpak-session-helper
fonts-filesystem
fontsquirrel-crete-round-fonts
fonts-srpm-macros
fuse3
fuse3-libs
gcc-c++
gconf-editor
gh
gimp
git-lfs
gnome-extensions-app
gnome-shell-extension-horizontal-workspaces
gnome-sound-recorder
gnome-tweaks
google-chrome-stable
gpick
graphviz
gstreamer1-devel
gstreamer1-devel-docs
gstreamer1-libav
gstreamer1-plugin-openh264
gstreamer1-plugins-bad-free-devel
gstreamer1-plugins-bad-free-extras
gstreamer1-plugins-bad-freeworld
gstreamer1-plugins-base-devel
gstreamer1-plugins-base-devel-docs
gstreamer1-plugins-base-tools
gstreamer1-plugins-good-extras
gts
hub
initscripts
inotify-tools
java-11-openjdk
java-11-openjdk-devel
kernel-modules-extra
kitty
kitty-terminfo
kmod-nvidia-5.10.11-100.fc32.x86_64
kmod-nvidia-5.10.12-100.fc32.x86_64
kmod-nvidia-5.10.8-100.fc32.x86_64
kmod-wl-5.10.11-100.fc32.x86_64
kmod-wl-5.10.12-100.fc32.x86_64
kmod-wl-5.10.8-100.fc32.x86_64
krb5-workstation
kubectl
langpacks-core-en
langpacks-en
lasi
libart_lgpl
libblkid-devel
libde265
liberation-narrow-fonts
libfbclient2
libftdi
libglade2
libgnomecanvas
libib-util
libical-glib
libkadm5
libknet1
libknet1-crypto-nss-plugin
liblqr-1
libmms
libmodulemd
libmount-devel
libplacebo
libraqm
libreoffice
libsane-airscan
libshaderc
libslirp
libtextstyle
libtool
libuuid-devel
libvmaf
libwpe
libxcrypt-compat
libxml2-devel
libxml++-devel
lilv
lsd
memtest86+
mjpegtools-libs
moby-engine
mplayer
mypaint-brushes
nano
netconsole-service
netpbm
network-scripts
network-scripts-ppp
network-scripts-teamd
nodejs
nodejs-docs
openh264
openshot
openssl-devel
pangox-compat
pdfgrep
perl-macros
pitivi
polari
powerline
powerline-fonts
powershell
pulseeffects
python27
python3-abrt-addon
python3-devel
python3-dnf-plugin-system-upgrade
python3-pygments
python3-pyyaml
python-unversioned-command
qbittorrent
qt5-qtlocation
qt5-qtquickcontrols
qt5-qtsensors
qt5-qtwebchannel
qt5-qtwebkit
readonly-root
rpmfusion-free-release
rpmfusion-nonfree-release
ruby
ruby-devel
seahorse
serd
simple-mtpfs
simplescreenrecorder
slack
sloccount
snapd
sord
sqlitebrowser
sratom
syslinux
teams
teamviewer
terraform
tldr
tss2
units
unrar
util-linux-user
vim-filesystem
VirtualBox-6.0
vlc
wine
winetricks
wireless-regdb
WoeUSB
wpebackend-fdo
x264
xclip
xinput_calibrator
xkbset
xkeycaps
xorg-x11-drv-nvidia
xorg-x11-drv-nvidia-cuda
xorg-x11-fonts-ISO8859-1-100dpi
xournal
yarn
yum
zimg
zoom
zsh
zsh-completions
