WoeUSB
akmod-nvidia
anaconda
awscli
broadcom-wl
chrome-gnome-shell
clang6.0-libs
daxctl-libs
dbus-common
dbus-daemon
dbus-tools
dconf-editor
dnf-data
docker-ce
docker-compose
dracut-live
efi-filesystem
efi-srpm-macros
egl-wayland
espeak-ng
f29-backgrounds-base
f29-backgrounds-gnome
fedora-repos-rawhide
fedora-workstation-repositories
ffmpeg
freerdp-libs
gcc-c++
gconf-editor
gegl04
geolite2-city
geolite2-country
gimp
gnome-remote-desktop
google-chrome-stable
gpick
java-1.8.0-openjdk
java-1.8.0-openjdk-devel
javapackages-filesystem
kdump-anaconda-addon
kitty
kmod-nvidia-4.20.11-200.fc29.x86_64
kmod-nvidia-4.20.13-200.fc29.x86_64
kmod-nvidia-5.0.5-200.fc29.x86_64
kmod-wl-4.20.11-200.fc29.x86_64
kmod-wl-4.20.13-200.fc29.x86_64
kmod-wl-5.0.5-200.fc29.x86_64
langpacks-en
libXdamage
libXxf86vm
libblkid-devel
libblockdev-nvdimm
libblockdev-vdo
libglvnd
libglvnd-egl
libglvnd-gles
libglvnd-glx
libglvnd-opengl
libgomp
libibumad
libimagequant
libknet1
libknet1-crypto-nss-plugin
libmaxminddb
libmodulemd1
libmount-devel
libmypaint
libnftnl
libnumbertext
libshaderc
libtomcrypt
libtommath
libtool
libuuid-devel
libva
libvdpau
libvirt-daemon-driver-storage-iscsi-direct
libvmaf
libwayland-client
libwayland-server
libwinpr
libxml++-devel
libxml2-devel
llvm6.0-libs
lmdb-libs
mariadb-connector-c-config
memtest86+
mesa-libEGL
mesa-libGL
mesa-libGLES
mesa-libgbm
mozjs60
mypaint-brushes
nano
ndctl
ndctl-libs
netconsole-service
network-scripts
network-scripts-ppp
network-scripts-teamd
nftables
nodejs
nuvolaruntime
openblas
openblas-serial
pangox-compat
pcaudiolib
pgdg-fedora11
playonlinux
postgresql11-server
pugixml
python-pip-wheel
python-setuptools-wheel
python-unversioned-command
python2-devel
python3-crypto
python3-devel
python3-distro
python3-dnf-plugin-system-upgrade
python3-libdnf
python3-paste
python3-productmd
python3-pyyaml
python3-tempita
python3-unbound
qemu-audio-alsa
qemu-audio-oss
qemu-audio-pa
qemu-audio-sdl
qemu-ui-curses
qemu-ui-gtk
qemu-ui-sdl
readonly-root
rpmfusion-free-appstream-data
rpmfusion-free-release
rpmfusion-nonfree-appstream-data
rpmfusion-nonfree-release
ruby-devel
seahorse
simple-mtpfs
simplescreenrecorder
slack
snapd
speech-dispatcher-espeak-ng
spotify-client
syslinux
texlive-lib
tldr
tpm2-abrmd-selinux
unbound-libs
util-linux-user
vlc
whois-mkpasswd
whois-nls
wine
wine-arial-fonts
wine-times-new-roman-fonts
winetricks
xdg-dbus-proxy
xinput_calibrator
xkbset
xkeycaps
xorg-x11-drv-nvidia-libs
yarn
zsh
zsh-completions
powerline-fonts
powerline
gnome-tweak-tool
albert
units